======================================================================
AUTOMATED TEST REPORT
======================================================================
Timestamp: 2025-12-02 13:26:34

Test Summary:
  Total Tests Run: 21
  Passed: 21
  Failed: 0
  Errors: 0
  Skipped: 0

Success Rate: 100.00%
======================================================================

✓ ALL TESTS PASSED
======================================================================