<?xml version="1.0" encoding="utf-8"?><testsuites><testsuite name="pytest" errors="0" failures="0" skipped="0" tests="6" time="1.159" timestamp="2025-12-02T14:31:40.487702" hostname="DESKTOP-06SMJ2C"><testcase classname="tests.test_cli" name="test_cli_runs_and_writes_output" time="0.715" /><testcase classname="tests.test_core" name="test_is_conflict_and_no_conflict" time="0.001" /><testcase classname="tests.test_core" name="test_process_tickets_conflicts_only_filters" time="0.003" /><testcase classname="tests.test_core" name="test_suggest_label_prefers_majority_with_text_cues" time="0.001" /><testcase classname="tests.test_core" name="test_load_jsonl" time="0.005" /><testcase classname="tests.test_core" name="test_dataset_conflict_count" time="0.003" /></testsuite></testsuites>